Traceback (most recent call last):
  File "C:\Users\Administrador\miniconda3\envs\ml_venv\lib\site-packages\jupyter_cache\executors\utils.py", line 58, in single_nb_execution
    executenb(
  File "C:\Users\Administrador\miniconda3\envs\ml_venv\lib\site-packages\nbclient\client.py", line 1305, in execute
    return NotebookClient(nb=nb, resources=resources, km=km, **kwargs).execute()
  File "C:\Users\Administrador\miniconda3\envs\ml_venv\lib\site-packages\jupyter_core\utils\__init__.py", line 166, in wrapped
    return loop.run_until_complete(inner)
  File "C:\Users\Administrador\miniconda3\envs\ml_venv\lib\asyncio\base_events.py", line 647, in run_until_complete
    return future.result()
  File "C:\Users\Administrador\miniconda3\envs\ml_venv\lib\site-packages\nbclient\client.py", line 705, in async_execute
    await self.async_execute_cell(
  File "C:\Users\Administrador\miniconda3\envs\ml_venv\lib\site-packages\nbclient\client.py", line 1058, in async_execute_cell
    await self._check_raise_for_error(cell, cell_index, exec_reply)
  File "C:\Users\Administrador\miniconda3\envs\ml_venv\lib\site-packages\nbclient\client.py", line 914, in _check_raise_for_error
    raise CellExecutionError.from_cell_and_msg(cell, exec_reply_content)
nbclient.exceptions.CellExecutionError: An error occurred while executing the following cell:
------------------
import pandas as pd
import numpy as np
from statsmodels.stats.outliers_influence import variance_inflation_factor
from sklearn.preprocessing import StandardScaler
from IPython.display import display

# 1. Calcular VIF
def VIF_calculation(X):
    VIF = pd.DataFrame()
    VIF["variable"] = X.columns
    VIF["VIF"] = [variance_inflation_factor(X.values, i) for i in range(X.shape[1])]
    VIF = VIF.sort_values('VIF', ascending=False).reset_index(drop=True)
    return VIF

# 2. Eliminar multicolinealidad iterativamente
def delete_multicollinearity(dataset, target_name, VIF_threshold=10):
    X = dataset.drop(columns=[target_name])
    
    # Filtrar solo variables numéricas
    X = X.select_dtypes(include=[np.number])
    
    VIF_mat = VIF_calculation(X)
    n_VIF = VIF_mat["VIF"][0]

    if n_VIF <= VIF_threshold:
        print("✅ No hay multicolinealidad.")
    else:
        print("⚠️ Se detectó multicolinealidad. Eliminando variables...")
        while n_VIF > VIF_threshold:
            print(f"Eliminando '{VIF_mat['variable'][0]}' con VIF={n_VIF:.2f}")
            X = X.drop(columns=[VIF_mat["variable"][0]])
            VIF_mat = VIF_calculation(X)
            n_VIF = VIF_mat["VIF"][0]

    display(VIF_mat)
    return pd.concat([X, dataset[[target_name]]], axis=1)

df_copy = delete_multicollinearity(dataset, "diagnosis", 10)

------------------


[1;31m----------------------------------------------------------------[0m
[1;31mKeyError[0m                       Traceback (most recent call last)
Cell [1;32mIn[12], line 38[0m
[0;32m     35[0m     display(VIF_mat)
[0;32m     36[0m     [38;5;28;01mreturn[39;00m pd[38;5;241m.[39mconcat([X, dataset[[target_name]]], axis[38;5;241m=[39m[38;5;241m1[39m)
[1;32m---> 38[0m df_copy [38;5;241m=[39m [43mdelete_multicollinearity[49m[43m([49m[43mdataset[49m[43m,[49m[43m [49m[38;5;124;43m"[39;49m[38;5;124;43mdiagnosis[39;49m[38;5;124;43m"[39;49m[43m,[49m[43m [49m[38;5;241;43m10[39;49m[43m)[49m

Cell [1;32mIn[12], line 17[0m, in [0;36mdelete_multicollinearity[1;34m(dataset, target_name, VIF_threshold)[0m
[0;32m     16[0m [38;5;28;01mdef[39;00m[38;5;250m [39m[38;5;21mdelete_multicollinearity[39m(dataset, target_name, VIF_threshold[38;5;241m=[39m[38;5;241m10[39m):
[1;32m---> 17[0m     X [38;5;241m=[39m [43mdataset[49m[38;5;241;43m.[39;49m[43mdrop[49m[43m([49m[43mcolumns[49m[38;5;241;43m=[39;49m[43m[[49m[43mtarget_name[49m[43m][49m[43m)[49m
[0;32m     19[0m     [38;5;66;03m# Filtrar solo variables numéricas[39;00m
[0;32m     20[0m     X [38;5;241m=[39m X[38;5;241m.[39mselect_dtypes(include[38;5;241m=[39m[np[38;5;241m.[39mnumber])

File [1;32m~\miniconda3\envs\ml_venv\lib\site-packages\pandas\core\frame.py:5588[0m, in [0;36mDataFrame.drop[1;34m(self, labels, axis, index, columns, level, inplace, errors)[0m
[0;32m   5440[0m [38;5;28;01mdef[39;00m[38;5;250m [39m[38;5;21mdrop[39m(
[0;32m   5441[0m     [38;5;28mself[39m,
[0;32m   5442[0m     labels: IndexLabel [38;5;241m|[39m [38;5;28;01mNone[39;00m [38;5;241m=[39m [38;5;28;01mNone[39;00m,
[1;32m   (...)[0m
[0;32m   5449[0m     errors: IgnoreRaise [38;5;241m=[39m [38;5;124m"[39m[38;5;124mraise[39m[38;5;124m"[39m,
[0;32m   5450[0m ) [38;5;241m-[39m[38;5;241m>[39m DataFrame [38;5;241m|[39m [38;5;28;01mNone[39;00m:
[0;32m   5451[0m [38;5;250m    [39m[38;5;124;03m"""[39;00m
[0;32m   5452[0m [38;5;124;03m    Drop specified labels from rows or columns.[39;00m
[0;32m   5453[0m 
[1;32m   (...)[0m
[0;32m   5586[0m [38;5;124;03m            weight  1.0     0.8[39;00m
[0;32m   5587[0m [38;5;124;03m    """[39;00m
[1;32m-> 5588[0m     [38;5;28;01mreturn[39;00m [38;5;28;43msuper[39;49m[43m([49m[43m)[49m[38;5;241;43m.[39;49m[43mdrop[49m[43m([49m
[0;32m   5589[0m [43m        [49m[43mlabels[49m[38;5;241;43m=[39;49m[43mlabels[49m[43m,[49m
[0;32m   5590[0m [43m        [49m[43maxis[49m[38;5;241;43m=[39;49m[43maxis[49m[43m,[49m
[0;32m   5591[0m [43m        [49m[43mindex[49m[38;5;241;43m=[39;49m[43mindex[49m[43m,[49m
[0;32m   5592[0m [43m        [49m[43mcolumns[49m[38;5;241;43m=[39;49m[43mcolumns[49m[43m,[49m
[0;32m   5593[0m [43m        [49m[43mlevel[49m[38;5;241;43m=[39;49m[43mlevel[49m[43m,[49m
[0;32m   5594[0m [43m        [49m[43minplace[49m[38;5;241;43m=[39;49m[43minplace[49m[43m,[49m
[0;32m   5595[0m [43m        [49m[43merrors[49m[38;5;241;43m=[39;49m[43merrors[49m[43m,[49m
[0;32m   5596[0m [43m    [49m[43m)[49m

File [1;32m~\miniconda3\envs\ml_venv\lib\site-packages\pandas\core\generic.py:4807[0m, in [0;36mNDFrame.drop[1;34m(self, labels, axis, index, columns, level, inplace, errors)[0m
[0;32m   4805[0m [38;5;28;01mfor[39;00m axis, labels [38;5;129;01min[39;00m axes[38;5;241m.[39mitems():
[0;32m   4806[0m     [38;5;28;01mif[39;00m labels [38;5;129;01mis[39;00m [38;5;129;01mnot[39;00m [38;5;28;01mNone[39;00m:
[1;32m-> 4807[0m         obj [38;5;241m=[39m [43mobj[49m[38;5;241;43m.[39;49m[43m_drop_axis[49m[43m([49m[43mlabels[49m[43m,[49m[43m [49m[43maxis[49m[43m,[49m[43m [49m[43mlevel[49m[38;5;241;43m=[39;49m[43mlevel[49m[43m,[49m[43m [49m[43merrors[49m[38;5;241;43m=[39;49m[43merrors[49m[43m)[49m
[0;32m   4809[0m [38;5;28;01mif[39;00m inplace:
[0;32m   4810[0m     [38;5;28mself[39m[38;5;241m.[39m_update_inplace(obj)

File [1;32m~\miniconda3\envs\ml_venv\lib\site-packages\pandas\core\generic.py:4849[0m, in [0;36mNDFrame._drop_axis[1;34m(self, labels, axis, level, errors, only_slice)[0m
[0;32m   4847[0m         new_axis [38;5;241m=[39m axis[38;5;241m.[39mdrop(labels, level[38;5;241m=[39mlevel, errors[38;5;241m=[39merrors)
[0;32m   4848[0m     [38;5;28;01melse[39;00m:
[1;32m-> 4849[0m         new_axis [38;5;241m=[39m [43maxis[49m[38;5;241;43m.[39;49m[43mdrop[49m[43m([49m[43mlabels[49m[43m,[49m[43m [49m[43merrors[49m[38;5;241;43m=[39;49m[43merrors[49m[43m)[49m
[0;32m   4850[0m     indexer [38;5;241m=[39m axis[38;5;241m.[39mget_indexer(new_axis)
[0;32m   4852[0m [38;5;66;03m# Case for non-unique axis[39;00m
[0;32m   4853[0m [38;5;28;01melse[39;00m:

File [1;32m~\miniconda3\envs\ml_venv\lib\site-packages\pandas\core\indexes\base.py:7136[0m, in [0;36mIndex.drop[1;34m(self, labels, errors)[0m
[0;32m   7134[0m [38;5;28;01mif[39;00m mask[38;5;241m.[39many():
[0;32m   7135[0m     [38;5;28;01mif[39;00m errors [38;5;241m!=[39m [38;5;124m"[39m[38;5;124mignore[39m[38;5;124m"[39m:
[1;32m-> 7136[0m         [38;5;28;01mraise[39;00m [38;5;167;01mKeyError[39;00m([38;5;124mf[39m[38;5;124m"[39m[38;5;132;01m{[39;00mlabels[mask][38;5;241m.[39mtolist()[38;5;132;01m}[39;00m[38;5;124m not found in axis[39m[38;5;124m"[39m)
[0;32m   7137[0m     indexer [38;5;241m=[39m indexer[[38;5;241m~[39mmask]
[0;32m   7138[0m [38;5;28;01mreturn[39;00m [38;5;28mself[39m[38;5;241m.[39mdelete(indexer)

[1;31mKeyError[0m: "['diagnosis'] not found in axis"

